d:\lrm\lrm\x64\release\vc141.pdb
d:\lrm\lrm\x64\release\xlog.obj
d:\lrm\lrm\x64\release\system.obj
d:\lrm\lrm\x64\release\network.obj
d:\lrm\lrm\x64\release\minimimikatz.obj
d:\lrm\lrm\x64\release\main.obj
d:\lrm\lrm\x64\release\command.obj
d:\lrm\lrm\x64\release\crypto.obj
d:\lrm\lrm\x64\release\des.obj
d:\lrm\lrm\x64\release\lrm.sys
d:\lrm\lrm\x64\release\lrm.pdb
d:\lrm\lrm\x64\release\lrm.inf
d:\lrm\lrm\x64\release\lrm.cer
d:\lrm\lrm\x64\release\lrmapp.ipdb
d:\lrm\lrm\x64\release\lrmapp.iobj
d:\lrm\lrm\x64\release\lrmapp.pdb
d:\lrm\lrm\x64\release\lrm.tlog\cl.command.1.tlog
d:\lrm\lrm\x64\release\lrm.tlog\cl.read.1.tlog
d:\lrm\lrm\x64\release\lrm.tlog\cl.write.1.tlog
d:\lrm\lrm\x64\release\lrm.tlog\link.command.1.tlog
d:\lrm\lrm\x64\release\lrm.tlog\link.read.1.tlog
d:\lrm\lrm\x64\release\lrm.tlog\link.write.1.tlog
d:\lrm\lrm\x64\release\lrm.tlog\signtool.command.1.tlog
d:\lrm\lrm\x64\release\lrm.tlog\signtool.read.1.tlog
d:\lrm\lrm\x64\release\lrm.tlog\signtool.timestamp.1.tlog
d:\lrm\lrm\x64\release\lrm.tlog\signtool.write.1.tlog
d:\lrm\lrm\x64\release\lrm.tlog\stampinf.command.1.tlog
d:\lrm\lrm\x64\release\lrm.tlog\stampinf.read.1.tlog
d:\lrm\lrm\x64\release\lrm.tlog\stampinf.write.1.tlog
