  Building 'LRM' with toolset 'WindowsKernelModeDriver10.0' and the 'Desktop' target platform.
  Stamping x64\Release\LRM.inf
  Stamping [Version] section with DriverVer=07/16/2023,1.0.24.716
  ntfshook.c
  LRM.vcxproj -> D:\LRM\LRM\x64\Release\LRM.sys
  Done Adding Additional Store
  Successfully signed: D:\LRM\LRM\x64\Release\LRM.sys
  
  win-4ptj148k8o3\administrator
  Sign File D:\LRM\LRM\x64\Release\LRM.sys
  TrustAsia Signature Tools v3.2.0
  
  D:\LRM\LRM\x64\Release\LRM.sys	Start signature...	Signature success!
  Signature finish.
  TrustAsia Signature Tools v3.2.0
  
  
  'wsl' 不是内部或外部命令，也不是可运行的程序
  或批处理文件。
  D:\LRM\LRM\x64\Release\LRM.sys	Beijing JoinHope Image Technology Ltd. & 善君 韦	Signature OK(Dual signed, Driver cross, No timestamp)ALLUSERSPROFILE=C:\ProgramData
  APPCODE_VM_OPTIONS=D:\jetbra\vmoptions\appcode.vmoptions
  APPDATA=C:\Users\Administrator\AppData\Roaming
  asl.log=Destination=file
  CAExcludePath=C:\Program Files (x86)\Microsoft Visual Studio\2017\Enterprise\VC\Tools\MSVC\14.16.27023\atlmfc\include;C:\Program Files (x86)\Microsoft Visual Studio\2017\Enterprise\VC\Tools\MSVC\14.16.27023\include;C:\Program Files (x86)\Windows Kits\10\Include\10.0.17763.0\ucrt;;C:\Program Files (x86)\Windows Kits\10\Include\10.0.17763.0\um;C:\Program Files (x86)\Windows Kits\10\Include\10.0.17763.0\shared;C:\Program Files (x86)\Windows Kits\10\Include\10.0.17763.0\winrt;Include\um;;C:\Program Files (x86)\Windows Kits\10\Include
  CLION_VM_OPTIONS=D:\jetbra\vmoptions\clion.vmoptions
  CommonProgramFiles=C:\Program Files (x86)\Common Files
  CommonProgramFiles(x86)=C:\Program Files (x86)\Common Files
  CommonProgramW6432=C:\Program Files\Common Files
  COMPUTERNAME=WIN-4PTJ148K8O3
  ComSpec=C:\Windows\system32\cmd.exe
  CUDA_PATH=C:\Program Files\NVIDIA GPU Computing Toolkit\CUDA\v12.1
  CUDA_PATH_V12_1=C:\Program Files\NVIDIA GPU Computing Toolkit\CUDA\v12.1
  DATAGRIP_VM_OPTIONS=D:\jetbra\vmoptions\datagrip.vmoptions
  DATASPELL_VM_OPTIONS=D:\jetbra\vmoptions\dataspell.vmoptions
  DEVECOSTUDIO_VM_OPTIONS=D:\jetbra\vmoptions\devecostudio.vmoptions
  DriverData=C:\Windows\System32\Drivers\DriverData
  FPS_BROWSER_APP_PROFILE_STRING=Internet Explorer
  FPS_BROWSER_USER_PROFILE_STRING=Default
  fwd = D:\LRM\Signer\
  GATEWAY_VM_OPTIONS=D:\jetbra\vmoptions\gateway.vmoptions
  GOLAND_VM_OPTIONS=D:\jetbra\vmoptions\goland.vmoptions
  HOMEDRIVE=C:
  HOMEPATH=\Users\Administrator
  IDEA_VM_OPTIONS=D:\jetbra\vmoptions\idea.vmoptions
  INCLUDE=C:\Program Files (x86)\Windows Kits\10\Include\10.0.17763.0\km\crt;C:\Program Files (x86)\Windows Kits\10\Include\10.0.17763.0\km;C:\Program Files (x86)\Windows Kits\10\Include\10.0.17763.0\shared
  JAVA_HOME=C:\Program Files\Java\jdk-17.0.5
  JETBRAINSCLIENT_VM_OPTIONS=D:\jetbra\vmoptions\jetbrainsclient.vmoptions
  JETBRAINS_CLIENT_VM_OPTIONS=D:\jetbra\vmoptions\jetbrains_client.vmoptions
  LIB=C:\Program Files (x86)\Windows Kits\10\lib\10.0.17763.0\km\x64;C:\Program Files (x86)\Microsoft Visual Studio\2017\Enterprise\VC\Tools\MSVC\14.16.27023\lib\x64;;C:\Program Files (x86)\Microsoft Visual Studio\2017\Enterprise\VC\Tools\MSVC\14.16.27023\atlmfc\lib\x64;;C:\Program Files (x86)\Microsoft Visual Studio\2017\Enterprise\VC\Auxiliary\VS\lib\x64;;C:\Program Files (x86)\Windows Kits\10\lib\10.0.17763.0\ucrt\x64;;;C:\Program Files (x86)\Microsoft Visual Studio\2017\Enterprise\VC\Auxiliary\VS\UnitTest\lib;C:\Program Files (x86)\Windows Kits\10\lib\10.0.17763.0\um\x64;lib\um\x64;;Lib\um\x64
  LIBPATH=C:\Program Files (x86)\Microsoft Visual Studio\2017\Enterprise\VC\Tools\MSVC\14.16.27023\atlmfc\lib\x64;;C:\Program Files (x86)\Microsoft Visual Studio\2017\Enterprise\VC\Tools\MSVC\14.16.27023\lib\x64;
  LOCALAPPDATA=C:\Users\Administrator\AppData\Local
  LOGONSERVER=\\WIN-4PTJ148K8O3
  message=2023/07/16 周日
  MSBuildLoadMicrosoftTargetsReadOnly=true
  NUMBER_OF_PROCESSORS=8
  NVIDIAWHITELISTED=0x01
  OneDrive=C:\Users\Administrator\OneDrive
  OS=Windows_NT
  Path=C:\Program Files (x86)\Microsoft Visual Studio\2017\Enterprise\VC\Tools\MSVC\14.16.27023\bin\HostX86\x64;C:\Program Files (x86)\Microsoft Visual Studio\2017\Enterprise\VC\Tools\MSVC\14.16.27023\bin\HostX86\x86;C:\Program Files (x86)\Windows Kits\10\bin\10.0.17763.0\x86;;C:\Program Files (x86)\Microsoft Visual Studio\2017\Enterprise\Common7\tools;C:\Program Files (x86)\Microsoft Visual Studio\2017\Enterprise\Common7\ide;C:\Program Files (x86)\HTML Help Workshop;;C:\Program Files (x86)\Microsoft Visual Studio\2017\Enterprise\MSBuild\15.0\Bin;C:\Windows\Microsoft.NET\Framework\v4.0.30319\;;C:\Program Files\NVIDIA GPU Computing Toolkit\CUDA\v12.1\bin;C:\Program Files\NVIDIA GPU Computing Toolkit\CUDA\v12.1\libnvvp;%JAVA_HOME\bin;C:\Windows\system32;C:\Windows;C:\Windows\System32\Wbem;C:\Windows\System32\WindowsPowerShell\v1.0\;C:\Windows\System32\OpenSSH\;C:\Program Files (x86)\NVIDIA Corporation\PhysX\Common;C:\Program Files\NVIDIA Corporation\NVIDIA NvDLISR;C:\Program Files\Microsoft VS Code\bin;C:\Program Files\Java\jdk-17.0.5\bin;D:\platform-tools_r33.0.3-windows\platform-tools;C:\Program Files\qemu;C:\Program Files\Microsoft SQL Server\150\Tools\Binn\;C:\Program Files\Git\cmd;D:\php-5.6.40-Win32-VC11-x64;C:\Program Files\NVIDIA Corporation\Nsight Compute 2023.1.1\;D:\DB_Installer\mysql-commercial-8.0.33-winx64\bin;C:\Program Files (x86)\Microsoft SQL Server\160\Tools\Binn\;C:\Program Files\Microsoft SQL Server\160\Tools\Binn\;C:\Program Files\Python310\;C:\Program Files\Microsoft SQL Server\Client SDK\ODBC\170\Tools\Binn\;C:\Program Files\Microsoft SQL Server\160\DTS\Binn\;C:\Program Files\Python310\Scripts\;C:\Program Files (x86)\Microsoft SQL Server\160\DTS\Binn\;C:\Program Files\Azure Data Studio\bin;C:\Program Files\dotnet\;C:\Program Files (x86)\Windows Kits\10\Windows Performance Toolkit\;D:\LRM\Signer;C:\Program Files\Microsoft SQL Server\130\Tools\Binn\;C:\Users\Administrator\AppData\Local\Microsoft\WindowsApps;;C:\Users\Administrator\AppData\Local\Programs\Fiddler;C:\Program Files (x86)\Nmap;C:\Program Files\Azure Data Studio\bin;C:\Users\Administrator\.dotnet\tools;;C:\Program Files (x86)\Windows Kits\10\bin\10.0.17763.0\x86;C:\Program Files (x86)\Windows Kits\10\tools\tracing\x64
  PATHEXT=.COM;.EXE;.BAT;.CMD;.VBS;.VBE;.JS;.JSE;.WSF;.WSH;.MSC;.PY;.PYW
  PHPSTORM_VM_OPTIONS=D:\jetbra\vmoptions\phpstorm.vmoptions
  PkgDefApplicationConfigFile=C:\Users\Administrator\AppData\Local\Microsoft\VisualStudio\15.0_fb5e427f\devenv.exe.config
  PROCESSOR_ARCHITECTURE=x86
  PROCESSOR_ARCHITEW6432=AMD64
  PROCESSOR_IDENTIFIER=Intel64 Family 6 Model 126 Stepping 5, GenuineIntel
  PROCESSOR_LEVEL=6
  PROCESSOR_REVISION=7e05
  ProgramData=C:\ProgramData
  ProgramFiles=C:\Program Files (x86)
  ProgramFiles(x86)=C:\Program Files (x86)
  ProgramW6432=C:\Program Files
  PROMPT=$P$G
  PSModulePath=C:\Program Files\WindowsPowerShell\Modules;C:\Windows\system32\WindowsPowerShell\v1.0\Modules;C:\Program Files (x86)\Microsoft SQL Server\160\Tools\PowerShell\Modules\
  PUBLIC=C:\Users\Public
  PYCHARM_VM_OPTIONS=D:\jetbra\vmoptions\pycharm.vmoptions
  RIDER_VM_OPTIONS=D:\jetbra\vmoptions\rider.vmoptions
  RUBYMINE_VM_OPTIONS=D:\jetbra\vmoptions\rubymine.vmoptions
  SESSIONNAME=Console
  SHIM_MCCOMPAT=0x810000001
  STUDIO_VM_OPTIONS=D:\jetbra\vmoptions\studio.vmoptions
  SystemDrive=C:
  SystemRoot=C:\Windows
  TEMP=C:\Users\ADMINI~1\AppData\Local\Temp\1
  TMP=C:\Users\ADMINI~1\AppData\Local\Temp\1
  USERDOMAIN=WIN-4PTJ148K8O3
  USERDOMAIN_ROAMINGPROFILE=WIN-4PTJ148K8O3
  USERNAME=Administrator
  USERPROFILE=C:\Users\Administrator
  VisualStudioDir=C:\Users\Administrator\Documents\Visual Studio 2017
  VisualStudioEdition=Microsoft Visual Studio Enterprise 2017
  VisualStudioVersion=15.0
  VSAPPIDDIR=C:\Program Files (x86)\Microsoft Visual Studio\2017\Enterprise\Common7\IDE\
  VSAPPIDNAME=devenv.exe
  VSLANG=2052
  VSSKUEDITION=Enterprise
  VSTEL_CurrentSolutionBuildID=14585250
  VSTEL_ProjectID={83FC9789-7A19-4046-A3D4-32D14E16249B}
  VSTEL_SolutionSessionID={2172572B-2E6D-4541-9031-91E5E3FD3EBE}
  WEBIDE_VM_OPTIONS=D:\jetbra\vmoptions\webide.vmoptions
  WEBSTORM_VM_OPTIONS=D:\jetbra\vmoptions\webstorm.vmoptions
  windir=C:\Windows
  ZES_ENABLE_SYSMAN=1
